<?xml version="1.0" encoding="ISO-8859-1" ?>
<link_info>
   <banner>TI ARM Linker PC v18.1.3.LTS</banner>
   <copyright>Copyright (c) 1996-2017 Texas Instruments Incorporated</copyright>
   <link_time>0x5bfbfec7</link_time>
   <link_errors>0x0</link_errors>
   <output_file>RTOSDemo.out</output_file>
   <entry_point>
      <name>_c_int00_noargs</name>
      <address>0x28ed</address>
   </entry_point>
   <input_file_list>
      <input_file id="fl-2">
         <path>.\</path>
         <kind>object</kind>
         <file>main.obj</file>
         <name>main.obj</name>
      </input_file>
      <input_file id="fl-3">
         <path>.\FreeRTOS_Source\</path>
         <kind>object</kind>
         <file>croutine.obj</file>
         <name>croutine.obj</name>
      </input_file>
      <input_file id="fl-4">
         <path>.\FreeRTOS_Source\</path>
         <kind>object</kind>
         <file>event_groups.obj</file>
         <name>event_groups.obj</name>
      </input_file>
      <input_file id="fl-5">
         <path>.\FreeRTOS_Source\</path>
         <kind>object</kind>
         <file>list.obj</file>
         <name>list.obj</name>
      </input_file>
      <input_file id="fl-6">
         <path>.\FreeRTOS_Source\</path>
         <kind>object</kind>
         <file>queue.obj</file>
         <name>queue.obj</name>
      </input_file>
      <input_file id="fl-7">
         <path>.\FreeRTOS_Source\</path>
         <kind>object</kind>
         <file>stream_buffer.obj</file>
         <name>stream_buffer.obj</name>
      </input_file>
      <input_file id="fl-8">
         <path>.\FreeRTOS_Source\</path>
         <kind>object</kind>
         <file>tasks.obj</file>
         <name>tasks.obj</name>
      </input_file>
      <input_file id="fl-9">
         <path>.\FreeRTOS_Source\</path>
         <kind>object</kind>
         <file>timers.obj</file>
         <name>timers.obj</name>
      </input_file>
      <input_file id="fl-a">
         <path>.\FreeRTOS_Source\portable\CCS\ARM_CM4F\</path>
         <kind>object</kind>
         <file>port.obj</file>
         <name>port.obj</name>
      </input_file>
      <input_file id="fl-b">
         <path>.\FreeRTOS_Source\portable\CCS\ARM_CM4F\</path>
         <kind>object</kind>
         <file>portasm.obj</file>
         <name>portasm.obj</name>
      </input_file>
      <input_file id="fl-c">
         <path>.\FreeRTOS_Source\portable\MemMang\</path>
         <kind>object</kind>
         <file>heap_4.obj</file>
         <name>heap_4.obj</name>
      </input_file>
      <input_file id="fl-d">
         <path>.\MainProgram\</path>
         <kind>object</kind>
         <file>main_program.obj</file>
         <name>main_program.obj</name>
      </input_file>
      <input_file id="fl-e">
         <path>.\driverlib\</path>
         <kind>object</kind>
         <file>cpu.obj</file>
         <name>cpu.obj</name>
      </input_file>
      <input_file id="fl-f">
         <path>.\driverlib\</path>
         <kind>object</kind>
         <file>cs.obj</file>
         <name>cs.obj</name>
      </input_file>
      <input_file id="fl-10">
         <path>.\driverlib\</path>
         <kind>object</kind>
         <file>flash.obj</file>
         <name>flash.obj</name>
      </input_file>
      <input_file id="fl-11">
         <path>.\driverlib\</path>
         <kind>object</kind>
         <file>fpu.obj</file>
         <name>fpu.obj</name>
      </input_file>
      <input_file id="fl-12">
         <path>.\driverlib\</path>
         <kind>object</kind>
         <file>gpio.obj</file>
         <name>gpio.obj</name>
      </input_file>
      <input_file id="fl-13">
         <path>.\driverlib\</path>
         <kind>object</kind>
         <file>interrupt.obj</file>
         <name>interrupt.obj</name>
      </input_file>
      <input_file id="fl-14">
         <path>.\driverlib\</path>
         <kind>object</kind>
         <file>pcm.obj</file>
         <name>pcm.obj</name>
      </input_file>
      <input_file id="fl-15">
         <path>.\driverlib\</path>
         <kind>object</kind>
         <file>sysctl.obj</file>
         <name>sysctl.obj</name>
      </input_file>
      <input_file id="fl-16">
         <path>.\driverlib\</path>
         <kind>object</kind>
         <file>timer32.obj</file>
         <name>timer32.obj</name>
      </input_file>
      <input_file id="fl-17">
         <path>.\driverlib\</path>
         <kind>object</kind>
         <file>uart.obj</file>
         <name>uart.obj</name>
      </input_file>
      <input_file id="fl-18">
         <path>.\driverlib\</path>
         <kind>object</kind>
         <file>wdt_a.obj</file>
         <name>wdt_a.obj</name>
      </input_file>
      <input_file id="fl-19">
         <path>.\inc\</path>
         <kind>object</kind>
         <file>Clock.obj</file>
         <name>Clock.obj</name>
      </input_file>
      <input_file id="fl-1a">
         <path>.\inc\</path>
         <kind>object</kind>
         <file>CortexM.obj</file>
         <name>CortexM.obj</name>
      </input_file>
      <input_file id="fl-1b">
         <path>.\inc\</path>
         <kind>object</kind>
         <file>SysTick.obj</file>
         <name>SysTick.obj</name>
      </input_file>
      <input_file id="fl-1c">
         <path>.\inc\</path>
         <kind>object</kind>
         <file>bumpSwitch.obj</file>
         <name>bumpSwitch.obj</name>
      </input_file>
      <input_file id="fl-1d">
         <path>.\inc\</path>
         <kind>object</kind>
         <file>dcMotor.obj</file>
         <name>dcMotor.obj</name>
      </input_file>
      <input_file id="fl-1e">
         <path>.\inc\</path>
         <kind>object</kind>
         <file>outputLED.obj</file>
         <name>outputLED.obj</name>
      </input_file>
      <input_file id="fl-1f">
         <path>.\inc\</path>
         <kind>object</kind>
         <file>songFile.obj</file>
         <name>songFile.obj</name>
      </input_file>
      <input_file id="fl-20">
         <path>.\system\CCS\</path>
         <kind>object</kind>
         <file>msp432_startup_ccs.obj</file>
         <name>msp432_startup_ccs.obj</name>
      </input_file>
      <input_file id="fl-21">
         <path>.\system\CCS\</path>
         <kind>object</kind>
         <file>printf-stdarg.obj</file>
         <name>printf-stdarg.obj</name>
      </input_file>
      <input_file id="fl-22">
         <path>.\system\CCS\</path>
         <kind>object</kind>
         <file>system_msp432p401r.obj</file>
         <name>system_msp432p401r.obj</name>
      </input_file>
      <input_file id="fl-26">
         <kind>object</kind>
         <file>&lt;internal&gt;</file>
         <name>&lt;internal&gt;</name>
      </input_file>
      <input_file id="fl-dc">
         <path>C:\TI\ccs\ccsv8\tools\compiler\ti-cgt-arm_18.1.3.LTS\lib\</path>
         <kind>archive</kind>
         <file>rtsv7M4_T_le_v4SPD16_eabi.lib</file>
         <name>memset_t2.asm.obj</name>
      </input_file>
      <input_file id="fl-dd">
         <path>C:\TI\ccs\ccsv8\tools\compiler\ti-cgt-arm_18.1.3.LTS\lib\</path>
         <kind>archive</kind>
         <file>rtsv7M4_T_le_v4SPD16_eabi.lib</file>
         <name>u_divt2.asm.obj</name>
      </input_file>
      <input_file id="fl-de">
         <path>C:\TI\ccs\ccsv8\tools\compiler\ti-cgt-arm_18.1.3.LTS\lib\</path>
         <kind>archive</kind>
         <file>rtsv7M4_T_le_v4SPD16_eabi.lib</file>
         <name>memcpy_t2.asm.obj</name>
      </input_file>
      <input_file id="fl-df">
         <path>C:\TI\ccs\ccsv8\tools\compiler\ti-cgt-arm_18.1.3.LTS\lib\</path>
         <kind>archive</kind>
         <file>rtsv7M4_T_le_v4SPD16_eabi.lib</file>
         <name>copy_zero_init.c.obj</name>
      </input_file>
      <input_file id="fl-e0">
         <path>C:\TI\ccs\ccsv8\tools\compiler\ti-cgt-arm_18.1.3.LTS\lib\</path>
         <kind>archive</kind>
         <file>rtsv7M4_T_le_v4SPD16_eabi.lib</file>
         <name>copy_decompress_none.c.obj</name>
      </input_file>
      <input_file id="fl-e1">
         <path>C:\TI\ccs\ccsv8\tools\compiler\ti-cgt-arm_18.1.3.LTS\lib\</path>
         <kind>archive</kind>
         <file>rtsv7M4_T_le_v4SPD16_eabi.lib</file>
         <name>copy_decompress_lzss.c.obj</name>
      </input_file>
      <input_file id="fl-e2">
         <path>C:\TI\ccs\ccsv8\tools\compiler\ti-cgt-arm_18.1.3.LTS\lib\</path>
         <kind>archive</kind>
         <file>rtsv7M4_T_le_v4SPD16_eabi.lib</file>
         <name>strcpy.c.obj</name>
      </input_file>
      <input_file id="fl-e3">
         <path>C:\TI\ccs\ccsv8\tools\compiler\ti-cgt-arm_18.1.3.LTS\lib\</path>
         <kind>archive</kind>
         <file>rtsv7M4_T_le_v4SPD16_eabi.lib</file>
         <name>strlen.c.obj</name>
      </input_file>
      <input_file id="fl-e4">
         <path>C:\TI\ccs\ccsv8\tools\compiler\ti-cgt-arm_18.1.3.LTS\lib\</path>
         <kind>archive</kind>
         <file>rtsv7M4_T_le_v4SPD16_eabi.lib</file>
         <name>boot_cortex_m.c.obj</name>
      </input_file>
      <input_file id="fl-e5">
         <path>C:\TI\ccs\ccsv8\tools\compiler\ti-cgt-arm_18.1.3.LTS\lib\</path>
         <kind>archive</kind>
         <file>rtsv7M4_T_le_v4SPD16_eabi.lib</file>
         <name>div0.asm.obj</name>
      </input_file>
      <input_file id="fl-e6">
         <path>C:\TI\ccs\ccsv8\tools\compiler\ti-cgt-arm_18.1.3.LTS\lib\</path>
         <kind>archive</kind>
         <file>rtsv7M4_T_le_v4SPD16_eabi.lib</file>
         <name>autoinit.c.obj</name>
      </input_file>
      <input_file id="fl-e7">
         <path>C:\TI\ccs\ccsv8\tools\compiler\ti-cgt-arm_18.1.3.LTS\lib\</path>
         <kind>archive</kind>
         <file>rtsv7M4_T_le_v4SPD16_eabi.lib</file>
         <name>pre_init.c.obj</name>
      </input_file>
      <input_file id="fl-e8">
         <path>C:\TI\ccs\ccsv8\tools\compiler\ti-cgt-arm_18.1.3.LTS\lib\</path>
         <kind>archive</kind>
         <file>rtsv7M4_T_le_v4SPD16_eabi.lib</file>
         <name>cpy_tbl.c.obj</name>
      </input_file>
      <input_file id="fl-e9">
         <path>C:\TI\ccs\ccsv8\tools\compiler\ti-cgt-arm_18.1.3.LTS\lib\</path>
         <kind>archive</kind>
         <file>rtsv7M4_T_le_v4SPD16_eabi.lib</file>
         <name>exit.c.obj</name>
      </input_file>
      <input_file id="fl-ea">
         <path>C:\TI\ccs\ccsv8\tools\compiler\ti-cgt-arm_18.1.3.LTS\lib\</path>
         <kind>archive</kind>
         <file>rtsv7M4_T_le_v4SPD16_eabi.lib</file>
         <name>_lock.c.obj</name>
      </input_file>
      <input_file id="fl-eb">
         <path>C:\TI\ccs\ccsv8\tools\compiler\ti-cgt-arm_18.1.3.LTS\lib\</path>
         <kind>archive</kind>
         <file>rtsv7M4_T_le_v4SPD16_eabi.lib</file>
         <name>args_main.c.obj</name>
      </input_file>
   </input_file_list>
   <object_component_list>
      <object_component id="oc-10">
         <name>.intvecs:retain</name>
         <load_address>0x0</load_address>
         <run_address>0x0</run_address>
         <size>0x138</size>
         <input_file_ref idref="fl-20"/>
      </object_component>
      <object_component id="oc-4d3">
         <name>.text:xQueueGenericSend</name>
         <load_address>0x138</load_address>
         <run_address>0x138</run_address>
         <size>0x194</size>
         <input_file_ref idref="fl-6"/>
      </object_component>
      <object_component id="oc-d7">
         <name>.text:_system_pre_init</name>
         <load_address>0x2cc</load_address>
         <run_address>0x2cc</run_address>
         <size>0x4</size>
         <input_file_ref idref="fl-e7"/>
      </object_component>
      <object_component id="oc-48c">
         <name>.text:xQueueReceive</name>
         <load_address>0x2d0</load_address>
         <run_address>0x2d0</run_address>
         <size>0x164</size>
         <input_file_ref idref="fl-6"/>
      </object_component>
      <object_component id="oc-14e">
         <name>.text:abort:abort</name>
         <load_address>0x434</load_address>
         <run_address>0x434</run_address>
         <size>0x4</size>
         <input_file_ref idref="fl-e9"/>
      </object_component>
      <object_component id="oc-50b">
         <name>.text:CS_getDCOFrequency</name>
         <load_address>0x438</load_address>
         <run_address>0x438</run_address>
         <size>0x148</size>
         <input_file_ref idref="fl-f"/>
      </object_component>
      <object_component id="oc-9f">
         <name>.text:xTaskIncrementTick</name>
         <load_address>0x580</load_address>
         <run_address>0x580</run_address>
         <size>0x148</size>
         <input_file_ref idref="fl-8"/>
      </object_component>
      <object_component id="oc-36a">
         <name>.text:vPortSuppressTicksAndSleep</name>
         <load_address>0x6c8</load_address>
         <run_address>0x6c8</run_address>
         <size>0x134</size>
         <input_file_ref idref="fl-a"/>
      </object_component>
      <object_component id="oc-250">
         <name>.text:pvPortMalloc</name>
         <load_address>0x800</load_address>
         <run_address>0x800</run_address>
         <size>0x12c</size>
         <input_file_ref idref="fl-c"/>
      </object_component>
      <object_component id="oc-247">
         <name>.text:CS_initClockSignal</name>
         <load_address>0x930</load_address>
         <run_address>0x930</run_address>
         <size>0x11c</size>
         <input_file_ref idref="fl-f"/>
      </object_component>
      <object_component id="oc-493">
         <name>.text:_CSComputeCLKFrequency</name>
         <load_address>0xa50</load_address>
         <run_address>0xa50</run_address>
         <size>0x114</size>
         <input_file_ref idref="fl-f"/>
      </object_component>
      <object_component id="oc-312">
         <name>.text:xTaskResumeAll</name>
         <load_address>0xb68</load_address>
         <run_address>0xb68</run_address>
         <size>0x10c</size>
         <input_file_ref idref="fl-8"/>
      </object_component>
      <object_component id="oc-44a">
         <name>.text:__PCM_setPowerModeAdvanced</name>
         <load_address>0xc78</load_address>
         <run_address>0xc78</run_address>
         <size>0x108</size>
         <input_file_ref idref="fl-14"/>
      </object_component>
      <object_component id="oc-40b">
         <name>.text:prvProcessReceivedCommands</name>
         <load_address>0xd80</load_address>
         <run_address>0xd80</run_address>
         <size>0x100</size>
         <input_file_ref idref="fl-9"/>
      </object_component>
      <object_component id="oc-26f">
         <name>.text:xPortStartScheduler</name>
         <load_address>0xe80</load_address>
         <run_address>0xe80</run_address>
         <size>0xdc</size>
         <input_file_ref idref="fl-a"/>
      </object_component>
      <object_component id="oc-3d">
         <name>.text</name>
         <load_address>0xf5c</load_address>
         <run_address>0xf5c</run_address>
         <size>0xda</size>
         <input_file_ref idref="fl-b"/>
      </object_component>
      <object_component id="oc-294">
         <name>.text:vTaskDelete</name>
         <load_address>0x1038</load_address>
         <run_address>0x1038</run_address>
         <size>0xd4</size>
         <input_file_ref idref="fl-8"/>
      </object_component>
      <object_component id="oc-2f7">
         <name>.text:__PCM_setCoreVoltageLevelAdvanced</name>
         <load_address>0x1110</load_address>
         <run_address>0x1110</run_address>
         <size>0xd0</size>
         <input_file_ref idref="fl-14"/>
      </object_component>
      <object_component id="oc-4d9">
         <name>.text:xQueueGenericSendFromISR</name>
         <load_address>0x11e0</load_address>
         <run_address>0x11e0</run_address>
         <size>0xce</size>
         <input_file_ref idref="fl-6"/>
      </object_component>
      <object_component id="oc-55d">
         <name>.text:xTaskPriorityDisinherit</name>
         <load_address>0x12b0</load_address>
         <run_address>0x12b0</run_address>
         <size>0xc8</size>
         <input_file_ref idref="fl-8"/>
      </object_component>
      <object_component id="oc-25c">
         <name>.text:prvInitialiseNewTask</name>
         <load_address>0x1378</load_address>
         <run_address>0x1378</run_address>
         <size>0xc6</size>
         <input_file_ref idref="fl-8"/>
      </object_component>
      <object_component id="oc-98">
         <name>.text:vTaskSwitchContext</name>
         <load_address>0x1440</load_address>
         <run_address>0x1440</run_address>
         <size>0xb8</size>
         <input_file_ref idref="fl-8"/>
      </object_component>
      <object_component id="oc-262">
         <name>.text:prvAddNewTaskToReadyList</name>
         <load_address>0x14f8</load_address>
         <run_address>0x14f8</run_address>
         <size>0xb4</size>
         <input_file_ref idref="fl-8"/>
      </object_component>
      <object_component id="oc-56">
         <name>.text</name>
         <load_address>0x15ac</load_address>
         <run_address>0x15ac</run_address>
         <size>0x9c</size>
         <input_file_ref idref="fl-de"/>
      </object_component>
      <object_component id="oc-4fe">
         <name>.text:xTaskRemoveFromEventList</name>
         <load_address>0x1648</load_address>
         <run_address>0x1648</run_address>
         <size>0x9c</size>
         <input_file_ref idref="fl-8"/>
      </object_component>
      <object_component id="oc-147">
         <name>.text:main_program</name>
         <load_address>0x16e8</load_address>
         <run_address>0x16e8</run_address>
         <size>0x98</size>
         <input_file_ref idref="fl-d"/>
      </object_component>
      <object_component id="oc-4b2">
         <name>.text:prvSwitchTimerLists</name>
         <load_address>0x1780</load_address>
         <run_address>0x1780</run_address>
         <size>0x94</size>
         <input_file_ref idref="fl-9"/>
      </object_component>
      <object_component id="oc-4f2">
         <name>.text:xTaskCheckForTimeOut</name>
         <load_address>0x1818</load_address>
         <run_address>0x1818</run_address>
         <size>0x94</size>
         <input_file_ref idref="fl-8"/>
      </object_component>
      <object_component id="oc-49e">
         <name>.text:xQueueGenericReset</name>
         <load_address>0x18b0</load_address>
         <run_address>0x18b0</run_address>
         <size>0x90</size>
         <input_file_ref idref="fl-6"/>
      </object_component>
      <object_component id="oc-51e">
         <name>.text:prvAddCurrentTaskToDelayedList</name>
         <load_address>0x1940</load_address>
         <run_address>0x1940</run_address>
         <size>0x88</size>
         <input_file_ref idref="fl-8"/>
      </object_component>
      <object_component id="oc-1f2">
         <name>.text:vTaskStartScheduler</name>
         <load_address>0x19c8</load_address>
         <run_address>0x19c8</run_address>
         <size>0x84</size>
         <input_file_ref idref="fl-8"/>
      </object_component>
      <object_component id="oc-2a7">
         <name>.text:outputLED_response</name>
         <load_address>0x1a50</load_address>
         <run_address>0x1a50</run_address>
         <size>0x7c</size>
         <input_file_ref idref="fl-1e"/>
      </object_component>
      <object_component id="oc-275">
         <name>.text:prvIdleTask</name>
         <load_address>0x1ad0</load_address>
         <run_address>0x1ad0</run_address>
         <size>0x7c</size>
         <input_file_ref idref="fl-8"/>
      </object_component>
      <object_component id="oc-256">
         <name>.text:vPortFree</name>
         <load_address>0x1b50</load_address>
         <run_address>0x1b50</run_address>
         <size>0x7c</size>
         <input_file_ref idref="fl-c"/>
      </object_component>
      <object_component id="oc-d1">
         <name>.text</name>
         <load_address>0x1bcc</load_address>
         <run_address>0x1bcc</run_address>
         <size>0x7a</size>
         <input_file_ref idref="fl-dc"/>
      </object_component>
      <object_component id="oc-486">
         <name>.text:xTimerGenericCommand</name>
         <load_address>0x1c48</load_address>
         <run_address>0x1c48</run_address>
         <size>0x74</size>
         <input_file_ref idref="fl-9"/>
      </object_component>
      <object_component id="oc-534">
         <name>.text:prvCopyDataToQueue</name>
         <load_address>0x1cc0</load_address>
         <run_address>0x1cc0</run_address>
         <size>0x70</size>
         <input_file_ref idref="fl-6"/>
      </object_component>
      <object_component id="oc-306">
         <name>.text:prvHeapInit</name>
         <load_address>0x1d30</load_address>
         <run_address>0x1d30</run_address>
         <size>0x70</size>
         <input_file_ref idref="fl-c"/>
      </object_component>
      <object_component id="oc-33a">
         <name>.text:prvInitialiseTaskLists</name>
         <load_address>0x1da0</load_address>
         <run_address>0x1da0</run_address>
         <size>0x70</size>
         <input_file_ref idref="fl-8"/>
      </object_component>
      <object_component id="oc-405">
         <name>.text:prvProcessTimerOrBlockTask</name>
         <load_address>0x1e10</load_address>
         <run_address>0x1e10</run_address>
         <size>0x70</size>
         <input_file_ref idref="fl-9"/>
      </object_component>
      <object_component id="oc-4be">
         <name>.text:prvUnlockQueue</name>
         <load_address>0x1e80</load_address>
         <run_address>0x1e80</run_address>
         <size>0x6c</size>
         <input_file_ref idref="fl-6"/>
      </object_component>
      <object_component id="oc-88">
         <name>.text:SystemInit</name>
         <load_address>0x1ef0</load_address>
         <run_address>0x1ef0</run_address>
         <size>0x68</size>
         <input_file_ref idref="fl-22"/>
      </object_component>
      <object_component id="oc-13">
         <name>.text:decompress:lzss:__TI_decompress_lzss</name>
         <load_address>0x1f58</load_address>
         <run_address>0x1f58</run_address>
         <size>0x68</size>
         <input_file_ref idref="fl-e1"/>
      </object_component>
      <object_component id="oc-30c">
         <name>.text:prvInsertBlockIntoFreeList</name>
         <load_address>0x1fc0</load_address>
         <run_address>0x1fc0</run_address>
         <size>0x68</size>
         <input_file_ref idref="fl-c"/>
      </object_component>
      <object_component id="oc-35a">
         <name>.text:vPortSetupTimerInterrupt</name>
         <load_address>0x2028</load_address>
         <run_address>0x2028</run_address>
         <size>0x68</size>
         <input_file_ref idref="fl-a"/>
      </object_component>
      <object_component id="oc-1ec">
         <name>.text:xTaskCreate</name>
         <load_address>0x2090</load_address>
         <run_address>0x2090</run_address>
         <size>0x68</size>
         <input_file_ref idref="fl-8"/>
      </object_component>
      <object_component id="oc-53b">
         <name>.text:vPortValidateInterruptPriority</name>
         <load_address>0x20f8</load_address>
         <run_address>0x20f8</run_address>
         <size>0x64</size>
         <input_file_ref idref="fl-a"/>
      </object_component>
      <object_component id="oc-479">
         <name>.text:prvProcessExpiredTimer</name>
         <load_address>0x2160</load_address>
         <run_address>0x2160</run_address>
         <size>0x60</size>
         <input_file_ref idref="fl-9"/>
      </object_component>
      <object_component id="oc-2bb">
         <name>.text:dcMotor_Forward</name>
         <load_address>0x21c0</load_address>
         <run_address>0x21c0</run_address>
         <size>0x58</size>
         <input_file_ref idref="fl-1d"/>
      </object_component>
      <object_component id="oc-269">
         <name>.text:xTimerCreateTimerTask</name>
         <load_address>0x2218</load_address>
         <run_address>0x2218</run_address>
         <size>0x58</size>
         <input_file_ref idref="fl-9"/>
      </object_component>
      <object_component id="oc-54f">
         <name>.text:SysCtl_getTLVInfo</name>
         <load_address>0x2270</load_address>
         <run_address>0x2270</run_address>
         <size>0x54</size>
         <input_file_ref idref="fl-15"/>
      </object_component>
      <object_component id="oc-370">
         <name>.text:prvCheckTasksWaitingTermination</name>
         <load_address>0x22c8</load_address>
         <run_address>0x22c8</run_address>
         <size>0x54</size>
         <input_file_ref idref="fl-8"/>
      </object_component>
      <object_component id="oc-480">
         <name>.text:prvInsertTimerInActiveList</name>
         <load_address>0x2320</load_address>
         <run_address>0x2320</run_address>
         <size>0x54</size>
         <input_file_ref idref="fl-9"/>
      </object_component>
      <object_component id="oc-505">
         <name>.text:_CSGetDividerValue</name>
         <load_address>0x2378</load_address>
         <run_address>0x2378</run_address>
         <size>0x52</size>
         <input_file_ref idref="fl-f"/>
      </object_component>
      <object_component id="oc-29b">
         <name>.text:BumpEdgeTrigger_Init</name>
         <load_address>0x23d0</load_address>
         <run_address>0x23d0</run_address>
         <size>0x50</size>
         <input_file_ref idref="fl-1c"/>
      </object_component>
      <object_component id="oc-3ac">
         <name>.text:PCM_getCoreVoltageLevel</name>
         <load_address>0x2420</load_address>
         <run_address>0x2420</run_address>
         <size>0x50</size>
         <input_file_ref idref="fl-14"/>
      </object_component>
      <object_component id="oc-549">
         <name>.text:_CSGetDOCFrequency</name>
         <load_address>0x2470</load_address>
         <run_address>0x2470</run_address>
         <size>0x50</size>
         <input_file_ref idref="fl-f"/>
      </object_component>
      <object_component id="oc-364">
         <name>.text:prvGetExpectedIdleTime</name>
         <load_address>0x24c0</load_address>
         <run_address>0x24c0</run_address>
         <size>0x50</size>
         <input_file_ref idref="fl-8"/>
      </object_component>
      <object_component id="oc-347">
         <name>.text:prvCheckForValidListAndQueue</name>
         <load_address>0x2510</load_address>
         <run_address>0x2510</run_address>
         <size>0x4c</size>
         <input_file_ref idref="fl-9"/>
      </object_component>
      <object_component id="oc-1fb">
         <name>.text:taskBlinkRedLED</name>
         <load_address>0x2560</load_address>
         <run_address>0x2560</run_address>
         <size>0x4c</size>
         <input_file_ref idref="fl-d"/>
      </object_component>
      <object_component id="oc-3ef">
         <name>.text:xQueueGenericCreate</name>
         <load_address>0x25b0</load_address>
         <run_address>0x25b0</run_address>
         <size>0x4c</size>
         <input_file_ref idref="fl-6"/>
      </object_component>
      <object_component id="oc-1da">
         <name>.text:prvConfigureClocks</name>
         <load_address>0x2600</load_address>
         <run_address>0x2600</run_address>
         <size>0x4a</size>
         <input_file_ref idref="fl-d"/>
      </object_component>
      <object_component id="oc-2af">
         <name>.text:Port1_Init2</name>
         <load_address>0x2650</load_address>
         <run_address>0x2650</run_address>
         <size>0x48</size>
         <input_file_ref idref="fl-1c"/>
      </object_component>
      <object_component id="oc-2b5">
         <name>.text:Port2_Init2</name>
         <load_address>0x2698</load_address>
         <run_address>0x2698</run_address>
         <size>0x48</size>
         <input_file_ref idref="fl-1d"/>
      </object_component>
      <object_component id="oc-473">
         <name>.text:vQueueWaitForMessageRestricted</name>
         <load_address>0x26e0</load_address>
         <run_address>0x26e0</run_address>
         <size>0x48</size>
         <input_file_ref idref="fl-6"/>
      </object_component>
      <object_component id="oc-288">
         <name>.text:ColorLED_Init</name>
         <load_address>0x2728</load_address>
         <run_address>0x2728</run_address>
         <size>0x44</size>
         <input_file_ref idref="fl-1e"/>
      </object_component>
      <object_component id="oc-15a">
         <name>.text:__TI_auto_init_nobinit_nopinit:__TI_auto_init_nobinit_nopinit</name>
         <load_address>0x276c</load_address>
         <run_address>0x276c</run_address>
         <size>0x44</size>
         <input_file_ref idref="fl-e6"/>
      </object_component>
      <object_component id="oc-4b8">
         <name>.text:vTaskPlaceOnEventListRestricted</name>
         <load_address>0x27b0</load_address>
         <run_address>0x27b0</run_address>
         <size>0x40</size>
         <input_file_ref idref="fl-8"/>
      </object_component>
      <object_component id="oc-1e0">
         <name>.text:Switch_Init</name>
         <load_address>0x27f0</load_address>
         <run_address>0x27f0</run_address>
         <size>0x3c</size>
         <input_file_ref idref="fl-d"/>
      </object_component>
      <object_component id="oc-420">
         <name>.text:eTaskConfirmSleepModeStatus</name>
         <load_address>0x2830</load_address>
         <run_address>0x2830</run_address>
         <size>0x3c</size>
         <input_file_ref idref="fl-8"/>
      </object_component>
      <object_component id="oc-334">
         <name>.text:vPortEnterCritical</name>
         <load_address>0x2870</load_address>
         <run_address>0x2870</run_address>
         <size>0x3c</size>
         <input_file_ref idref="fl-a"/>
      </object_component>
      <object_component id="oc-3a6">
         <name>.text:PCM_getPowerMode</name>
         <load_address>0x28b0</load_address>
         <run_address>0x28b0</run_address>
         <size>0x3a</size>
         <input_file_ref idref="fl-14"/>
      </object_component>
      <object_component id="oc-74">
         <name>.text:_c_int00_noargs:_c_int00_noargs</name>
         <load_address>0x28ec</load_address>
         <run_address>0x28ec</run_address>
         <size>0x38</size>
         <input_file_ref idref="fl-e4"/>
      </object_component>
      <object_component id="oc-3d6">
         <name>.text:prvTaskExitError</name>
         <load_address>0x2928</load_address>
         <run_address>0x2928</run_address>
         <size>0x38</size>
         <input_file_ref idref="fl-a"/>
      </object_component>
      <object_component id="oc-4e6">
         <name>.text:vTaskPlaceOnEventList</name>
         <load_address>0x2960</load_address>
         <run_address>0x2960</run_address>
         <size>0x38</size>
         <input_file_ref idref="fl-8"/>
      </object_component>
      <object_component id="oc-4c6">
         <name>.text:vListInsert</name>
         <load_address>0x2998</load_address>
         <run_address>0x2998</run_address>
         <size>0x34</size>
         <input_file_ref idref="fl-5"/>
      </object_component>
      <object_component id="oc-42c">
         <name>.text:vTaskStepTick</name>
         <load_address>0x29d0</load_address>
         <run_address>0x29d0</run_address>
         <size>0x34</size>
         <input_file_ref idref="fl-8"/>
      </object_component>
      <object_component id="oc-235">
         <name>.text:FlashCtl_setWaitState</name>
         <load_address>0x2a08</load_address>
         <run_address>0x2a08</run_address>
         <size>0x30</size>
         <input_file_ref idref="fl-10"/>
      </object_component>
      <object_component id="oc-10a">
         <name>.text:prvResetNextTaskUnblockTime</name>
         <load_address>0x2a38</load_address>
         <run_address>0x2a38</run_address>
         <size>0x30</size>
         <input_file_ref idref="fl-8"/>
      </object_component>
      <object_component id="oc-340">
         <name>.text:vPortExitCritical</name>
         <load_address>0x2a68</load_address>
         <run_address>0x2a68</run_address>
         <size>0x30</size>
         <input_file_ref idref="fl-a"/>
      </object_component>
      <object_component id="oc-241">
         <name>.text:CS_setDCOCenteredFrequency</name>
         <load_address>0x2a98</load_address>
         <run_address>0x2a98</run_address>
         <size>0x2c</size>
         <input_file_ref idref="fl-f"/>
      </object_component>
      <object_component id="oc-471">
         <name>.text:prvSampleTimeNow</name>
         <load_address>0x2ac8</load_address>
         <run_address>0x2ac8</run_address>
         <size>0x2c</size>
         <input_file_ref idref="fl-9"/>
      </object_component>
      <object_component id="oc-32d">
         <name>.text:pxPortInitialiseStack</name>
         <load_address>0x2af8</load_address>
         <run_address>0x2af8</run_address>
         <size>0x2c</size>
         <input_file_ref idref="fl-a"/>
      </object_component>
      <object_component id="oc-42">
         <name>.text:xPortSysTickHandler</name>
         <load_address>0x2b28</load_address>
         <run_address>0x2b28</run_address>
         <size>0x2c</size>
         <input_file_ref idref="fl-a"/>
      </object_component>
      <object_component id="oc-28e">
         <name>.text:RedLED_Init</name>
         <load_address>0x2b58</load_address>
         <run_address>0x2b58</run_address>
         <size>0x28</size>
         <input_file_ref idref="fl-1e"/>
      </object_component>
      <object_component id="oc-4f8">
         <name>.text:prvCopyDataFromQueue</name>
         <load_address>0x2b80</load_address>
         <run_address>0x2b80</run_address>
         <size>0x28</size>
         <input_file_ref idref="fl-6"/>
      </object_component>
      <object_component id="oc-110">
         <name>.text:uxListRemove</name>
         <load_address>0x2ba8</load_address>
         <run_address>0x2ba8</run_address>
         <size>0x26</size>
         <input_file_ref idref="fl-5"/>
      </object_component>
      <object_component id="oc-511">
         <name>.text:CS_clearInterruptFlag</name>
         <load_address>0x2bd0</load_address>
         <run_address>0x2bd0</run_address>
         <size>0x24</size>
         <input_file_ref idref="fl-f"/>
      </object_component>
      <object_component id="oc-3ff">
         <name>.text:prvGetNextExpireTime</name>
         <load_address>0x2bf8</load_address>
         <run_address>0x2bf8</run_address>
         <size>0x24</size>
         <input_file_ref idref="fl-9"/>
      </object_component>
      <object_component id="oc-4cd">
         <name>.text:xTaskGetSchedulerState</name>
         <load_address>0x2c20</load_address>
         <run_address>0x2c20</run_address>
         <size>0x20</size>
         <input_file_ref idref="fl-8"/>
      </object_component>
      <object_component id="oc-45d">
         <name>.text:prvInitialiseNewQueue</name>
         <load_address>0x2c40</load_address>
         <run_address>0x2c40</run_address>
         <size>0x1e</size>
         <input_file_ref idref="fl-6"/>
      </object_component>
      <object_component id="oc-52e">
         <name>.text:prvIsQueueFull</name>
         <load_address>0x2c60</load_address>
         <run_address>0x2c60</run_address>
         <size>0x1e</size>
         <input_file_ref idref="fl-6"/>
      </object_component>
      <object_component id="oc-3de">
         <name>.text:vListInitialise</name>
         <load_address>0x2c80</load_address>
         <run_address>0x2c80</run_address>
         <size>0x1e</size>
         <input_file_ref idref="fl-5"/>
      </object_component>
      <object_component id="oc-202">
         <name>.text:taskBumpSwitch</name>
         <load_address>0x2ca0</load_address>
         <run_address>0x2ca0</run_address>
         <size>0x1c</size>
         <input_file_ref idref="fl-d"/>
      </object_component>
      <object_component id="oc-209">
         <name>.text:taskdcMotor</name>
         <load_address>0x2cc0</load_address>
         <run_address>0x2cc0</run_address>
         <size>0x1c</size>
         <input_file_ref idref="fl-d"/>
      </object_component>
      <object_component id="oc-4e0">
         <name>.text:prvIsQueueEmpty</name>
         <load_address>0x2ce0</load_address>
         <run_address>0x2ce0</run_address>
         <size>0x1a</size>
         <input_file_ref idref="fl-6"/>
      </object_component>
      <object_component id="oc-34d">
         <name>.text:prvTimerTask</name>
         <load_address>0x2d00</load_address>
         <run_address>0x2d00</run_address>
         <size>0x1a</size>
         <input_file_ref idref="fl-9"/>
      </object_component>
      <object_component id="oc-416">
         <name>.text:CS_getMCLK</name>
         <load_address>0x2d20</load_address>
         <run_address>0x2d20</run_address>
         <size>0x18</size>
         <input_file_ref idref="fl-f"/>
      </object_component>
      <object_component id="oc-1e6">
         <name>.text:SysTick_Init</name>
         <load_address>0x2d38</load_address>
         <run_address>0x2d38</run_address>
         <size>0x18</size>
         <input_file_ref idref="fl-1b"/>
      </object_component>
      <object_component id="oc-25">
         <name>.text:resetISR</name>
         <load_address>0x2d50</load_address>
         <run_address>0x2d50</run_address>
         <size>0x18</size>
         <input_file_ref idref="fl-20"/>
      </object_component>
      <object_component id="oc-116">
         <name>.text:vListInsertEnd</name>
         <load_address>0x2d68</load_address>
         <run_address>0x2d68</run_address>
         <size>0x18</size>
         <input_file_ref idref="fl-5"/>
      </object_component>
      <object_component id="oc-4ec">
         <name>.text:vTaskInternalSetTimeOutState</name>
         <load_address>0x2d80</load_address>
         <run_address>0x2d80</run_address>
         <size>0x18</size>
         <input_file_ref idref="fl-8"/>
      </object_component>
      <object_component id="oc-38c">
         <name>.text:Port2_Output2</name>
         <load_address>0x2d98</load_address>
         <run_address>0x2d98</run_address>
         <size>0x14</size>
         <input_file_ref idref="fl-1e"/>
      </object_component>
      <object_component id="oc-141">
         <name>.text:prvSetupHardware</name>
         <load_address>0x2db0</load_address>
         <run_address>0x2db0</run_address>
         <size>0x14</size>
         <input_file_ref idref="fl-2"/>
      </object_component>
      <object_component id="oc-380">
         <name>.text:prvDeleteTCB</name>
         <load_address>0x2dc8</load_address>
         <run_address>0x2dc8</run_address>
         <size>0x12</size>
         <input_file_ref idref="fl-8"/>
      </object_component>
      <object_component id="oc-318">
         <name>.text:vApplicationMallocFailedHook</name>
         <load_address>0x2de0</load_address>
         <run_address>0x2de0</run_address>
         <size>0x12</size>
         <input_file_ref idref="fl-2"/>
      </object_component>
      <object_component id="oc-100">
         <name>.text:vApplicationStackOverflowHook</name>
         <load_address>0x2df8</load_address>
         <run_address>0x2df8</run_address>
         <size>0x12</size>
         <input_file_ref idref="fl-2"/>
      </object_component>
      <object_component id="oc-2a1">
         <name>.text:Bump_Read_Input</name>
         <load_address>0x2e10</load_address>
         <run_address>0x2e10</run_address>
         <size>0x10</size>
         <input_file_ref idref="fl-1c"/>
      </object_component>
      <object_component id="oc-1d3">
         <name>.text:FPU_enableModule</name>
         <load_address>0x2e20</load_address>
         <run_address>0x2e20</run_address>
         <size>0x10</size>
         <input_file_ref idref="fl-11"/>
      </object_component>
      <object_component id="oc-300">
         <name>.text:vTaskSuspendAll</name>
         <load_address>0x2e30</load_address>
         <run_address>0x2e30</run_address>
         <size>0x10</size>
         <input_file_ref idref="fl-8"/>
      </object_component>
      <object_component id="oc-19">
         <name>.text:decompress:none:__TI_decompress_none</name>
         <load_address>0x2e40</load_address>
         <run_address>0x2e40</run_address>
         <size>0xe</size>
         <input_file_ref idref="fl-e0"/>
      </object_component>
      <object_component id="oc-dd">
         <name>.text:main</name>
         <load_address>0x2e50</load_address>
         <run_address>0x2e50</run_address>
         <size>0xe</size>
         <input_file_ref idref="fl-2"/>
      </object_component>
      <object_component id="oc-3b2">
         <name>.text:PCM_getPowerState</name>
         <load_address>0x2e60</load_address>
         <run_address>0x2e60</run_address>
         <size>0xc</size>
         <input_file_ref idref="fl-14"/>
      </object_component>
      <object_component id="oc-68">
         <name>.text:decompress:ZI:__TI_zero_init</name>
         <load_address>0x2e6c</load_address>
         <run_address>0x2e6c</run_address>
         <size>0xc</size>
         <input_file_ref idref="fl-df"/>
      </object_component>
      <object_component id="oc-525">
         <name>.text:vTaskMissedYield</name>
         <load_address>0x2e78</load_address>
         <run_address>0x2e78</run_address>
         <size>0xc</size>
         <input_file_ref idref="fl-8"/>
      </object_component>
      <object_component id="oc-4ac">
         <name>.text:xTaskGetTickCount</name>
         <load_address>0x2e88</load_address>
         <run_address>0x2e88</run_address>
         <size>0xc</size>
         <input_file_ref idref="fl-8"/>
      </object_component>
      <object_component id="oc-23b">
         <name>.text:PCM_setCoreVoltageLevel</name>
         <load_address>0x2e98</load_address>
         <run_address>0x2e98</run_address>
         <size>0x8</size>
         <input_file_ref idref="fl-14"/>
      </object_component>
      <object_component id="oc-3b8">
         <name>.text:PCM_setPowerMode</name>
         <load_address>0x2ea0</load_address>
         <run_address>0x2ea0</run_address>
         <size>0x8</size>
         <input_file_ref idref="fl-14"/>
      </object_component>
      <object_component id="oc-327">
         <name>.text:vListInitialiseItem</name>
         <load_address>0x2ea8</load_address>
         <run_address>0x2ea8</run_address>
         <size>0x6</size>
         <input_file_ref idref="fl-5"/>
      </object_component>
      <object_component id="oc-37">
         <name>.text:defaultISR</name>
         <load_address>0x2eb0</load_address>
         <run_address>0x2eb0</run_address>
         <size>0x2</size>
         <input_file_ref idref="fl-20"/>
      </object_component>
      <object_component id="oc-31">
         <name>.text:faultISR</name>
         <load_address>0x2eb8</load_address>
         <run_address>0x2eb8</run_address>
         <size>0x2</size>
         <input_file_ref idref="fl-20"/>
      </object_component>
      <object_component id="oc-2b">
         <name>.text:nmiISR</name>
         <load_address>0x2ec0</load_address>
         <run_address>0x2ec0</run_address>
         <size>0x2</size>
         <input_file_ref idref="fl-20"/>
      </object_component>
      <object_component id="oc-376">
         <name>.text:vApplicationIdleHook</name>
         <load_address>0x2ec8</load_address>
         <run_address>0x2ec8</run_address>
         <size>0x2</size>
         <input_file_ref idref="fl-2"/>
      </object_component>
      <object_component id="oc-11c">
         <name>.text:vApplicationTickHook</name>
         <load_address>0x2ed0</load_address>
         <run_address>0x2ed0</run_address>
         <size>0x2</size>
         <input_file_ref idref="fl-d"/>
      </object_component>
      <object_component id="oc-426">
         <name>.text:vPreSleepProcessing</name>
         <load_address>0x2ed8</load_address>
         <run_address>0x2ed8</run_address>
         <size>0x2</size>
         <input_file_ref idref="fl-d"/>
      </object_component>
      <object_component id="oc-95">
         <name>.const</name>
         <load_address>0x2edc</load_address>
         <run_address>0x2edc</run_address>
         <size>0x8</size>
         <input_file_ref idref="fl-a"/>
      </object_component>
      <object_component id="oc-59b">
         <name>.cinit..data.load</name>
         <load_address>0x2ee8</load_address>
         <run_address>0x2ee8</run_address>
         <size>0x14</size>
      </object_component>
      <object_component id="oc-599">
         <name>__TI_handler_table</name>
         <load_address>0x2efc</load_address>
         <run_address>0x2efc</run_address>
         <size>0xc</size>
      </object_component>
      <object_component id="oc-59c">
         <name>.cinit..bss.load</name>
         <load_address>0x2f08</load_address>
         <run_address>0x2f08</run_address>
         <size>0x8</size>
      </object_component>
      <object_component id="oc-59a">
         <name>__TI_cinit_table</name>
         <load_address>0x2f10</load_address>
         <run_address>0x2f10</run_address>
         <size>0x10</size>
      </object_component>
      <object_component id="oc-92">
         <name>.data</name>
         <load_address>0x2000c920</load_address>
         <run_address>0x2000c920</run_address>
         <size>0x34</size>
         <input_file_ref idref="fl-8"/>
      </object_component>
      <object_component id="oc-353">
         <name>.data</name>
         <load_address>0x2000c97c</load_address>
         <run_address>0x2000c97c</run_address>
         <size>0xc</size>
         <input_file_ref idref="fl-9"/>
      </object_component>
      <object_component id="oc-360">
         <name>.data</name>
         <load_address>0x2000c954</load_address>
         <run_address>0x2000c954</run_address>
         <size>0x18</size>
         <input_file_ref idref="fl-a"/>
      </object_component>
      <object_component id="oc-31e">
         <name>.data</name>
         <load_address>0x2000c96c</load_address>
         <run_address>0x2000c96c</run_address>
         <size>0x10</size>
         <input_file_ref idref="fl-c"/>
      </object_component>
      <object_component id="oc-106">
         <name>.bss:pxReadyTasksLists</name>
         <uninitialized>true</uninitialized>
         <run_address>0x2000c800</run_address>
         <size>0x64</size>
         <input_file_ref idref="fl-8"/>
      </object_component>
      <object_component id="oc-3e4">
         <name>.bss:xDelayedTaskList1</name>
         <uninitialized>true</uninitialized>
         <run_address>0x2000c88c</run_address>
         <size>0x14</size>
         <input_file_ref idref="fl-8"/>
      </object_component>
      <object_component id="oc-3e7">
         <name>.bss:xDelayedTaskList2</name>
         <uninitialized>true</uninitialized>
         <run_address>0x2000c8a0</run_address>
         <size>0x14</size>
         <input_file_ref idref="fl-8"/>
      </object_component>
      <object_component id="oc-122">
         <name>.bss</name>
         <uninitialized>true</uninitialized>
         <run_address>0x2000c8f8</run_address>
         <size>0x8</size>
         <input_file_ref idref="fl-8"/>
      </object_component>
      <object_component id="oc-3c5">
         <name>.bss:xPendingReadyList</name>
         <uninitialized>true</uninitialized>
         <run_address>0x2000c8b4</run_address>
         <size>0x14</size>
         <input_file_ref idref="fl-8"/>
      </object_component>
      <object_component id="oc-386">
         <name>.bss:xTasksWaitingTermination</name>
         <uninitialized>true</uninitialized>
         <run_address>0x2000c8dc</run_address>
         <size>0x14</size>
         <input_file_ref idref="fl-8"/>
      </object_component>
      <object_component id="oc-3ea">
         <name>.bss:xSuspendedTaskList</name>
         <uninitialized>true</uninitialized>
         <run_address>0x2000c8c8</run_address>
         <size>0x14</size>
         <input_file_ref idref="fl-8"/>
      </object_component>
      <object_component id="oc-3f5">
         <name>.bss:xActiveTimerList1</name>
         <uninitialized>true</uninitialized>
         <run_address>0x2000c864</run_address>
         <size>0x14</size>
         <input_file_ref idref="fl-9"/>
      </object_component>
      <object_component id="oc-3f8">
         <name>.bss:xActiveTimerList2</name>
         <uninitialized>true</uninitialized>
         <run_address>0x2000c878</run_address>
         <size>0x14</size>
         <input_file_ref idref="fl-9"/>
      </object_component>
      <object_component id="oc-3fb">
         <name>.bss</name>
         <uninitialized>true</uninitialized>
         <run_address>0x2000c900</run_address>
         <size>0x8</size>
         <input_file_ref idref="fl-9"/>
      </object_component>
      <object_component id="oc-3c0">
         <name>.bss:ucHeap</name>
         <uninitialized>true</uninitialized>
         <run_address>0x20000000</run_address>
         <size>0xc800</size>
         <input_file_ref idref="fl-c"/>
      </object_component>
      <object_component id="oc-321">
         <name>.bss:xStart</name>
         <uninitialized>true</uninitialized>
         <run_address>0x2000c908</run_address>
         <size>0x8</size>
         <input_file_ref idref="fl-c"/>
      </object_component>
      <object_component id="oc-517">
         <name>.bss</name>
         <uninitialized>true</uninitialized>
         <run_address>0x2000c8f0</run_address>
         <size>0x8</size>
         <input_file_ref idref="fl-f"/>
      </object_component>
      <object_component id="oc-2ad">
         <name>.common:bumpSwitch_status</name>
         <uninitialized>true</uninitialized>
         <run_address>0x2000c91c</run_address>
         <size>0x1</size>
      </object_component>
      <object_component id="oc-1f8">
         <name>.common:taskHandle_BlinkRedLED</name>
         <uninitialized>true</uninitialized>
         <run_address>0x2000c910</run_address>
         <size>0x4</size>
      </object_component>
      <object_component id="oc-201">
         <name>.common:taskHandle_BumpSwitch</name>
         <uninitialized>true</uninitialized>
         <run_address>0x2000c914</run_address>
         <size>0x4</size>
      </object_component>
      <object_component id="oc-208">
         <name>.common:taskHandle_dcMotor</name>
         <uninitialized>true</uninitialized>
         <run_address>0x2000c918</run_address>
         <size>0x4</size>
      </object_component>
      <object_component id="oc-22">
         <name>.stack</name>
         <uninitialized>true</uninitialized>
         <run_address>0x2000fce0</run_address>
         <size>0x4</size>
         <input_file_ref idref="fl-e4"/>
      </object_component>
      <object_component id="oc-59d">
         <name>.stack</name>
         <uninitialized>true</uninitialized>
         <run_address>0x2000fce0</run_address>
         <size>0x0</size>
      </object_component>
      <object_component id="oc-126">
         <name>.debug_info</name>
         <load_address>0x0</load_address>
         <run_address>0x0</run_address>
         <size>0x742</size>
         <input_file_ref idref="fl-2"/>
      </object_component>
      <object_component id="oc-101">
         <name>.debug_info</name>
         <load_address>0x742</load_address>
         <run_address>0x742</run_address>
         <size>0x196</size>
         <input_file_ref idref="fl-2"/>
      </object_component>
      <object_component id="oc-319">
         <name>.debug_info</name>
         <load_address>0x8d8</load_address>
         <run_address>0x8d8</run_address>
         <size>0x15d</size>
         <input_file_ref idref="fl-2"/>
      </object_component>
      <object_component id="oc-377">
         <name>.debug_info</name>
         <load_address>0xa35</load_address>
         <run_address>0xa35</run_address>
         <size>0x158</size>
         <input_file_ref idref="fl-2"/>
      </object_component>
      <object_component id="oc-142">
         <name>.debug_info</name>
         <load_address>0xb8d</load_address>
         <run_address>0xb8d</run_address>
         <size>0x16d</size>
         <input_file_ref idref="fl-2"/>
      </object_component>
      <object_component id="oc-de">
         <name>.debug_info</name>
         <load_address>0xcfa</load_address>
         <run_address>0xcfa</run_address>
         <size>0x166</size>
         <input_file_ref idref="fl-2"/>
      </object_component>
      <object_component id="oc-1ae">
         <name>.debug_info</name>
         <load_address>0xe60</load_address>
         <run_address>0xe60</run_address>
         <size>0x315</size>
         <input_file_ref idref="fl-2"/>
      </object_component>
      <object_component id="oc-b7">
         <name>.debug_info</name>
         <load_address>0x1175</load_address>
         <run_address>0x1175</run_address>
         <size>0x26b</size>
         <input_file_ref idref="fl-2"/>
      </object_component>
      <object_component id="oc-ad">
         <name>.debug_info</name>
         <load_address>0x13e0</load_address>
         <run_address>0x13e0</run_address>
         <size>0x1055</size>
         <input_file_ref idref="fl-2"/>
      </object_component>
      <object_component id="oc-a8">
         <name>.debug_info</name>
         <load_address>0x2435</load_address>
         <run_address>0x2435</run_address>
         <size>0x37e2</size>
         <input_file_ref idref="fl-2"/>
      </object_component>
      <object_component id="oc-56a">
         <name>.debug_info</name>
         <load_address>0x5c17</load_address>
         <run_address>0x5c17</run_address>
         <size>0x1b5</size>
         <input_file_ref idref="fl-2"/>
      </object_component>
      <object_component id="oc-1ce">
         <name>.debug_info</name>
         <load_address>0x5dcc</load_address>
         <run_address>0x5dcc</run_address>
         <size>0x461</size>
         <input_file_ref idref="fl-2"/>
      </object_component>
      <object_component id="oc-12c">
         <name>.debug_info</name>
         <load_address>0x622d</load_address>
         <run_address>0x622d</run_address>
         <size>0x8b</size>
         <input_file_ref idref="fl-2"/>
      </object_component>
      <object_component id="oc-1a7">
         <name>.debug_info</name>
         <load_address>0x62b8</load_address>
         <run_address>0x62b8</run_address>
         <size>0x2c</size>
         <input_file_ref idref="fl-2"/>
      </object_component>
      <object_component id="oc-127">
         <name>.debug_info</name>
         <load_address>0x62e4</load_address>
         <run_address>0x62e4</run_address>
         <size>0x297</size>
         <input_file_ref idref="fl-2"/>
      </object_component>
      <object_component id="oc-283">
         <name>.debug_info</name>
         <load_address>0x657b</load_address>
         <run_address>0x657b</run_address>
         <size>0xef</size>
         <input_file_ref idref="fl-2"/>
      </object_component>
      <object_component id="oc-b2">
         <name>.debug_info</name>
         <load_address>0x666a</load_address>
         <run_address>0x666a</run_address>
         <size>0xbb</size>
         <input_file_ref idref="fl-2"/>
      </object_component>
      <object_component id="oc-f3">
         <name>.debug_info</name>
         <load_address>0x6725</load_address>
         <run_address>0x6725</run_address>
         <size>0x53</size>
         <input_file_ref idref="fl-2"/>
      </object_component>
      <object_component id="oc-1c9">
         <name>.debug_info</name>
         <load_address>0x6778</load_address>
         <run_address>0x6778</run_address>
         <size>0xcc</size>
         <input_file_ref idref="fl-2"/>
      </object_component>
      <object_component id="oc-19d">
         <name>.debug_info</name>
         <load_address>0x6844</load_address>
         <run_address>0x6844</run_address>
         <size>0x14c</size>
         <input_file_ref idref="fl-2"/>
      </object_component>
      <object_component id="oc-231">
         <name>.debug_info</name>
         <load_address>0x6990</load_address>
         <run_address>0x6990</run_address>
         <size>0x55e</size>
         <input_file_ref idref="fl-3"/>
      </object_component>
      <object_component id="oc-1b8">
         <name>.debug_info</name>
         <load_address>0x6eee</load_address>
         <run_address>0x6eee</run_address>
         <size>0x461</size>
         <input_file_ref idref="fl-3"/>
      </object_component>
      <object_component id="oc-51">
         <name>.debug_info</name>
         <load_address>0x734f</load_address>
         <run_address>0x734f</run_address>
         <size>0x84</size>
         <input_file_ref idref="fl-3"/>
      </object_component>
      <object_component id="oc-2f1">
         <name>.debug_info</name>
         <load_address>0x73d3</load_address>
         <run_address>0x73d3</run_address>
         <size>0xcc</size>
         <input_file_ref idref="fl-3"/>
      </object_component>
      <object_component id="oc-1b3">
         <name>.debug_info</name>
         <load_address>0x749f</load_address>
         <run_address>0x749f</run_address>
         <size>0x53</size>
         <input_file_ref idref="fl-3"/>
      </object_component>
      <object_component id="oc-230">
         <name>.debug_info</name>
         <load_address>0x74f2</load_address>
         <run_address>0x74f2</run_address>
         <size>0xa89</size>
         <input_file_ref idref="fl-4"/>
      </object_component>
      <object_component id="oc-18e">
         <name>.debug_info</name>
         <load_address>0x7f7b</load_address>
         <run_address>0x7f7b</run_address>
         <size>0x110</size>
         <input_file_ref idref="fl-4"/>
      </object_component>
      <object_component id="oc-1a2">
         <name>.debug_info</name>
         <load_address>0x808b</load_address>
         <run_address>0x808b</run_address>
         <size>0x461</size>
         <input_file_ref idref="fl-4"/>
      </object_component>
      <object_component id="oc-2e5">
         <name>.debug_info</name>
         <load_address>0x84ec</load_address>
         <run_address>0x84ec</run_address>
         <size>0x76</size>
         <input_file_ref idref="fl-4"/>
      </object_component>
      <object_component id="oc-2ea">
         <name>.debug_info</name>
         <load_address>0x8562</load_address>
         <run_address>0x8562</run_address>
         <size>0x39</size>
         <input_file_ref idref="fl-4"/>
      </object_component>
      <object_component id="oc-193">
         <name>.debug_info</name>
         <load_address>0x859b</load_address>
         <run_address>0x859b</run_address>
         <size>0x4f</size>
         <input_file_ref idref="fl-4"/>
      </object_component>
      <object_component id="oc-1c2">
         <name>.debug_info</name>
         <load_address>0x85ea</load_address>
         <run_address>0x85ea</run_address>
         <size>0x6e0</size>
         <input_file_ref idref="fl-5"/>
      </object_component>
      <object_component id="oc-117">
         <name>.debug_info</name>
         <load_address>0x8cca</load_address>
         <run_address>0x8cca</run_address>
         <size>0x311</size>
         <input_file_ref idref="fl-5"/>
      </object_component>
      <object_component id="oc-4c7">
         <name>.debug_info</name>
         <load_address>0x8fdb</load_address>
         <run_address>0x8fdb</run_address>
         <size>0x33c</size>
         <input_file_ref idref="fl-5"/>
      </object_component>
      <object_component id="oc-328">
         <name>.debug_info</name>
         <load_address>0x9317</load_address>
         <run_address>0x9317</run_address>
         <size>0x2be</size>
         <input_file_ref idref="fl-5"/>
      </object_component>
      <object_component id="oc-3df">
         <name>.debug_info</name>
         <load_address>0x95d5</load_address>
         <run_address>0x95d5</run_address>
         <size>0x2b6</size>
         <input_file_ref idref="fl-5"/>
      </object_component>
      <object_component id="oc-111">
         <name>.debug_info</name>
         <load_address>0x988b</load_address>
         <run_address>0x988b</run_address>
         <size>0x2e9</size>
         <input_file_ref idref="fl-5"/>
      </object_component>
      <object_component id="oc-469">
         <name>.debug_info</name>
         <load_address>0x9b74</load_address>
         <run_address>0x9b74</run_address>
         <size>0xc87</size>
         <input_file_ref idref="fl-6"/>
      </object_component>
      <object_component id="oc-4e4">
         <name>.debug_info</name>
         <load_address>0xa7fb</load_address>
         <run_address>0xa7fb</run_address>
         <size>0x30b</size>
         <input_file_ref idref="fl-6"/>
      </object_component>
      <object_component id="oc-4c2">
         <name>.debug_info</name>
         <load_address>0xab06</load_address>
         <run_address>0xab06</run_address>
         <size>0x3b9</size>
         <input_file_ref idref="fl-6"/>
      </object_component>
      <object_component id="oc-4fc">
         <name>.debug_info</name>
         <load_address>0xaebf</load_address>
         <run_address>0xaebf</run_address>
         <size>0x308</size>
         <input_file_ref idref="fl-6"/>
      </object_component>
      <object_component id="oc-490">
         <name>.debug_info</name>
         <load_address>0xb1c7</load_address>
         <run_address>0xb1c7</run_address>
         <size>0x5b3</size>
         <input_file_ref idref="fl-6"/>
      </object_component>
      <object_component id="oc-532">
         <name>.debug_info</name>
         <load_address>0xb77a</load_address>
         <run_address>0xb77a</run_address>
         <size>0x309</size>
         <input_file_ref idref="fl-6"/>
      </object_component>
      <object_component id="oc-538">
         <name>.debug_info</name>
         <load_address>0xba83</load_address>
         <run_address>0xba83</run_address>
         <size>0x39c</size>
         <input_file_ref idref="fl-6"/>
      </object_component>
      <object_component id="oc-4d7">
         <name>.debug_info</name>
         <load_address>0xbe1f</load_address>
         <run_address>0xbe1f</run_address>
         <size>0x5f6</size>
         <input_file_ref idref="fl-6"/>
      </object_component>
      <object_component id="oc-4dd">
         <name>.debug_info</name>
         <load_address>0xc415</load_address>
         <run_address>0xc415</run_address>
         <size>0x4ab</size>
         <input_file_ref idref="fl-6"/>
      </object_component>
      <object_component id="oc-4a2">
         <name>.debug_info</name>
         <load_address>0xc8c0</load_address>
         <run_address>0xc8c0</run_address>
         <size>0x38d</size>
         <input_file_ref idref="fl-6"/>
      </object_component>
      <object_component id="oc-461">
         <name>.debug_info</name>
         <load_address>0xcc4d</load_address>
         <run_address>0xcc4d</run_address>
         <size>0x3d6</size>
         <input_file_ref idref="fl-6"/>
      </object_component>
      <object_component id="oc-3f3">
         <name>.debug_info</name>
         <load_address>0xd023</load_address>
         <run_address>0xd023</run_address>
         <size>0x3fa</size>
         <input_file_ref idref="fl-6"/>
      </object_component>
      <object_component id="oc-477">
         <name>.debug_info</name>
         <load_address>0xd41d</load_address>
         <run_address>0xd41d</run_address>
         <size>0x3f5</size>
         <input_file_ref idref="fl-6"/>
      </object_component>
      <object_component id="oc-4a7">
         <name>.debug_info</name>
         <load_address>0xd812</load_address>
         <run_address>0xd812</run_address>
         <size>0x1ef</size>
         <input_file_ref idref="fl-6"/>
      </object_component>
      <object_component id="oc-464">
         <name>.debug_info</name>
         <load_address>0xda01</load_address>
         <run_address>0xda01</run_address>
         <size>0x46</size>
         <input_file_ref idref="fl-6"/>
      </object_component>
      <object_component id="oc-138">
         <name>.debug_info</name>
         <load_address>0xda47</load_address>
         <run_address>0xda47</run_address>
         <size>0x2c</size>
         <input_file_ref idref="fl-7"/>
      </object_component>
      <object_component id="oc-f2">
         <name>.debug_info</name>
         <load_address>0xda73</load_address>
         <run_address>0xda73</run_address>
         <size>0xce1</size>
         <input_file_ref idref="fl-8"/>
      </object_component>
      <object_component id="oc-93">
         <name>.debug_info</name>
         <load_address>0xe754</load_address>
         <run_address>0xe754</run_address>
         <size>0x3ec</size>
         <input_file_ref idref="fl-8"/>
      </object_component>
      <object_component id="oc-107">
         <name>.debug_info</name>
         <load_address>0xeb40</load_address>
         <run_address>0xeb40</run_address>
         <size>0x193</size>
         <input_file_ref idref="fl-8"/>
      </object_component>
      <object_component id="oc-3e5">
         <name>.debug_info</name>
         <load_address>0xecd3</load_address>
         <run_address>0xecd3</run_address>
         <size>0x193</size>
         <input_file_ref idref="fl-8"/>
      </object_component>
      <object_component id="oc-3e8">
         <name>.debug_info</name>
         <load_address>0xee66</load_address>
         <run_address>0xee66</run_address>
         <size>0x193</size>
         <input_file_ref idref="fl-8"/>
      </object_component>
      <object_component id="oc-123">
         <name>.debug_info</name>
         <load_address>0xeff9</load_address>
         <run_address>0xeff9</run_address>
         <size>0x1d6</size>
         <input_file_ref idref="fl-8"/>
      </object_component>
      <object_component id="oc-3c6">
         <name>.debug_info</name>
         <load_address>0xf1cf</load_address>
         <run_address>0xf1cf</run_address>
         <size>0x193</size>
         <input_file_ref idref="fl-8"/>
      </object_component>
      <object_component id="oc-387">
         <name>.debug_info</name>
         <load_address>0xf362</load_address>
         <run_address>0xf362</run_address>
         <size>0x1a1</size>
         <input_file_ref idref="fl-8"/>
      </object_component>
      <object_component id="oc-3eb">
         <name>.debug_info</name>
         <load_address>0xf503</load_address>
         <run_address>0xf503</run_address>
         <size>0x195</size>
         <input_file_ref idref="fl-8"/>
      </object_component>
      <object_component id="oc-10b">
         <name>.debug_info</name>
         <load_address>0xf698</load_address>
         <run_address>0xf698</run_address>
         <size>0x2bc</size>
         <input_file_ref idref="fl-8"/>
      </object_component>
      <object_component id="oc-a0">
         <name>.debug_info</name>
         <load_address>0xf954</load_address>
         <run_address>0xf954</run_address>
         <size>0x3c2</size>
         <input_file_ref idref="fl-8"/>
      </object_component>
      <object_component id="oc-313">
         <name>.debug_info</name>
         <load_address>0xfd16</load_address>
         <run_address>0xfd16</run_address>
         <size>0x39a</size>
         <input_file_ref idref="fl-8"/>
      </object_component>
      <object_component id="oc-4ff">
         <name>.debug_info</name>
         <load_address>0x100b0</load_address>
         <run_address>0x100b0</run_address>
         <size>0x394</size>
         <input_file_ref idref="fl-8"/>
      </object_component>
      <object_component id="oc-55e">
         <name>.debug_info</name>
         <load_address>0x10444</load_address>
         <run_address>0x10444</run_address>
         <size>0x33e</size>
         <input_file_ref idref="fl-8"/>
      </object_component>
      <object_component id="oc-51f">
         <name>.debug_info</name>
         <load_address>0x10782</load_address>
         <run_address>0x10782</run_address>
         <size>0x3e9</size>
         <input_file_ref idref="fl-8"/>
      </object_component>
      <object_component id="oc-4ad">
         <name>.debug_info</name>
         <load_address>0x10b6b</load_address>
         <run_address>0x10b6b</run_address>
         <size>0x2af</size>
         <input_file_ref idref="fl-8"/>
      </object_component>
      <object_component id="oc-4ce">
         <name>.debug_info</name>
         <load_address>0x10e1a</load_address>
         <run_address>0x10e1a</run_address>
         <size>0x2bb</size>
         <input_file_ref idref="fl-8"/>
      </object_component>
      <object_component id="oc-25d">
         <name>.debug_info</name>
         <load_address>0x110d5</load_address>
         <run_address>0x110d5</run_address>
         <size>0x4db</size>
         <input_file_ref idref="fl-8"/>
      </object_component>
      <object_component id="oc-33b">
         <name>.debug_info</name>
         <load_address>0x115b0</load_address>
         <run_address>0x115b0</run_address>
         <size>0x340</size>
         <input_file_ref idref="fl-8"/>
      </object_component>
      <object_component id="oc-263">
         <name>.debug_info</name>
         <load_address>0x118f0</load_address>
         <run_address>0x118f0</run_address>
         <size>0x338</size>
         <input_file_ref idref="fl-8"/>
      </object_component>
      <object_component id="oc-1ed">
         <name>.debug_info</name>
         <load_address>0x11c28</load_address>
         <run_address>0x11c28</run_address>
         <size>0x46f</size>
         <input_file_ref idref="fl-8"/>
      </object_component>
      <object_component id="oc-4ed">
         <name>.debug_info</name>
         <load_address>0x12097</load_address>
         <run_address>0x12097</run_address>
         <size>0x2e2</size>
         <input_file_ref idref="fl-8"/>
      </object_component>
      <object_component id="oc-4f3">
         <name>.debug_info</name>
         <load_address>0x12379</load_address>
         <run_address>0x12379</run_address>
         <size>0x3cf</size>
         <input_file_ref idref="fl-8"/>
      </object_component>
      <object_component id="oc-99">
         <name>.debug_info</name>
         <load_address>0x12748</load_address>
         <run_address>0x12748</run_address>
         <size>0x317</size>
         <input_file_ref idref="fl-8"/>
      </object_component>
      <object_component id="oc-301">
         <name>.debug_info</name>
         <load_address>0x12a5f</load_address>
         <run_address>0x12a5f</run_address>
         <size>0x292</size>
         <input_file_ref idref="fl-8"/>
      </object_component>
      <object_component id="oc-42d">
         <name>.debug_info</name>
         <load_address>0x12cf1</load_address>
         <run_address>0x12cf1</run_address>
         <size>0x2d0</size>
         <input_file_ref idref="fl-8"/>
      </object_component>
      <object_component id="oc-1f3">
         <name>.debug_info</name>
         <load_address>0x12fc1</load_address>
         <run_address>0x12fc1</run_address>
         <size>0x2f9</size>
         <input_file_ref idref="fl-8"/>
      </object_component>
      <object_component id="oc-4b9">
         <name>.debug_info</name>
         <load_address>0x132ba</load_address>
         <run_address>0x132ba</run_address>
         <size>0x3c2</size>
         <input_file_ref idref="fl-8"/>
      </object_component>
      <object_component id="oc-4e7">
         <name>.debug_info</name>
         <load_address>0x1367c</load_address>
         <run_address>0x1367c</run_address>
         <size>0x355</size>
         <input_file_ref idref="fl-8"/>
      </object_component>
      <object_component id="oc-526">
         <name>.debug_info</name>
         <load_address>0x139d1</load_address>
         <run_address>0x139d1</run_address>
         <size>0x294</size>
         <input_file_ref idref="fl-8"/>
      </object_component>
      <object_component id="oc-381">
         <name>.debug_info</name>
         <load_address>0x13c65</load_address>
         <run_address>0x13c65</run_address>
         <size>0x2d1</size>
         <input_file_ref idref="fl-8"/>
      </object_component>
      <object_component id="oc-295">
         <name>.debug_info</name>
         <load_address>0x13f36</load_address>
         <run_address>0x13f36</run_address>
         <size>0x384</size>
         <input_file_ref idref="fl-8"/>
      </object_component>
      <object_component id="oc-372">
         <name>.debug_info</name>
         <load_address>0x142ba</load_address>
         <run_address>0x142ba</run_address>
         <size>0x31b</size>
         <input_file_ref idref="fl-8"/>
      </object_component>
      <object_component id="oc-366">
         <name>.debug_info</name>
         <load_address>0x145d5</load_address>
         <run_address>0x145d5</run_address>
         <size>0x2f7</size>
         <input_file_ref idref="fl-8"/>
      </object_component>
      <object_component id="oc-277">
         <name>.debug_info</name>
         <load_address>0x148cc</load_address>
         <run_address>0x148cc</run_address>
         <size>0x396</size>
         <input_file_ref idref="fl-8"/>
      </object_component>
      <object_component id="oc-422">
         <name>.debug_info</name>
         <load_address>0x14c62</load_address>
         <run_address>0x14c62</run_address>
         <size>0x2c5</size>
         <input_file_ref idref="fl-8"/>
      </object_component>
      <object_component id="oc-f8">
         <name>.debug_info</name>
         <load_address>0x14f27</load_address>
         <run_address>0x14f27</run_address>
         <size>0x30c</size>
         <input_file_ref idref="fl-8"/>
      </object_component>
      <object_component id="oc-198">
         <name>.debug_info</name>
         <load_address>0x15233</load_address>
         <run_address>0x15233</run_address>
         <size>0x146</size>
         <input_file_ref idref="fl-8"/>
      </object_component>
      <object_component id="oc-37d">
         <name>.debug_info</name>
         <load_address>0x15379</load_address>
         <run_address>0x15379</run_address>
         <size>0xbcd</size>
         <input_file_ref idref="fl-9"/>
      </object_component>
      <object_component id="oc-3f6">
         <name>.debug_info</name>
         <load_address>0x15f46</load_address>
         <run_address>0x15f46</run_address>
         <size>0x193</size>
         <input_file_ref idref="fl-9"/>
      </object_component>
      <object_component id="oc-3f9">
         <name>.debug_info</name>
         <load_address>0x160d9</load_address>
         <run_address>0x160d9</run_address>
         <size>0x193</size>
         <input_file_ref idref="fl-9"/>
      </object_component>
      <object_component id="oc-3fc">
         <name>.debug_info</name>
         <load_address>0x1626c</load_address>
         <run_address>0x1626c</run_address>
         <size>0x1cb</size>
         <input_file_ref idref="fl-9"/>
      </object_component>
      <object_component id="oc-357">
         <name>.debug_info</name>
         <load_address>0x16437</load_address>
         <run_address>0x16437</run_address>
         <size>0x1b7</size>
         <input_file_ref idref="fl-9"/>
      </object_component>
      <object_component id="oc-487">
         <name>.debug_info</name>
         <load_address>0x165ee</load_address>
         <run_address>0x165ee</run_address>
         <size>0x486</size>
         <input_file_ref idref="fl-9"/>
      </object_component>
      <object_component id="oc-348">
         <name>.debug_info</name>
         <load_address>0x16a74</load_address>
         <run_address>0x16a74</run_address>
         <size>0x325</size>
         <input_file_ref idref="fl-9"/>
      </object_component>
      <object_component id="oc-26a">
         <name>.debug_info</name>
         <load_address>0x16d99</load_address>
         <run_address>0x16d99</run_address>
         <size>0x2ef</size>
         <input_file_ref idref="fl-9"/>
      </object_component>
      <object_component id="oc-400">
         <name>.debug_info</name>
         <load_address>0x17088</load_address>
         <run_address>0x17088</run_address>
         <size>0x313</size>
         <input_file_ref idref="fl-9"/>
      </object_component>
      <object_component id="oc-4b3">
         <name>.debug_info</name>
         <load_address>0x1739b</load_address>
         <run_address>0x1739b</run_address>
         <size>0x355</size>
         <input_file_ref idref="fl-9"/>
      </object_component>
      <object_component id="oc-354">
         <name>.debug_info</name>
         <load_address>0x176f0</load_address>
         <run_address>0x176f0</run_address>
         <size>0x378</size>
         <input_file_ref idref="fl-9"/>
      </object_component>
      <object_component id="oc-481">
         <name>.debug_info</name>
         <load_address>0x17a68</load_address>
         <run_address>0x17a68</run_address>
         <size>0x3eb</size>
         <input_file_ref idref="fl-9"/>
      </object_component>
      <object_component id="oc-47a">
         <name>.debug_info</name>
         <load_address>0x17e53</load_address>
         <run_address>0x17e53</run_address>
         <size>0x38f</size>
         <input_file_ref idref="fl-9"/>
      </object_component>
      <object_component id="oc-406">
         <name>.debug_info</name>
         <load_address>0x181e2</load_address>
         <run_address>0x181e2</run_address>
         <size>0x43d</size>
         <input_file_ref idref="fl-9"/>
      </object_component>
      <object_component id="oc-40c">
         <name>.debug_info</name>
         <load_address>0x1861f</load_address>
         <run_address>0x1861f</run_address>
         <size>0x402</size>
         <input_file_ref idref="fl-9"/>
      </object_component>
      <object_component id="oc-34e">
         <name>.debug_info</name>
         <load_address>0x18a21</load_address>
         <run_address>0x18a21</run_address>
         <size>0x32a</size>
         <input_file_ref idref="fl-9"/>
      </object_component>
      <object_component id="oc-43c">
         <name>.debug_info</name>
         <load_address>0x18d4b</load_address>
         <run_address>0x18d4b</run_address>
         <size>0x1e2</size>
         <input_file_ref idref="fl-9"/>
      </object_component>
      <object_component id="oc-27e">
         <name>.debug_info</name>
         <load_address>0x18f2d</load_address>
         <run_address>0x18f2d</run_address>
         <size>0x4f</size>
         <input_file_ref idref="fl-9"/>
      </object_component>
      <object_component id="oc-437">
         <name>.debug_info</name>
         <load_address>0x18f7c</load_address>
         <run_address>0x18f7c</run_address>
         <size>0x46</size>
         <input_file_ref idref="fl-9"/>
      </object_component>
      <object_component id="oc-ff">
         <name>.debug_info</name>
         <load_address>0x18fc2</load_address>
         <run_address>0x18fc2</run_address>
         <size>0x8c2</size>
         <input_file_ref idref="fl-a"/>
      </object_component>
      <object_component id="oc-96">
         <name>.debug_info</name>
         <load_address>0x19884</load_address>
         <run_address>0x19884</run_address>
         <size>0x208</size>
         <input_file_ref idref="fl-a"/>
      </object_component>
      <object_component id="oc-361">
         <name>.debug_info</name>
         <load_address>0x19a8c</load_address>
         <run_address>0x19a8c</run_address>
         <size>0x2e3</size>
         <input_file_ref idref="fl-a"/>
      </object_component>
      <object_component id="oc-43">
         <name>.debug_info</name>
         <load_address>0x19d6f</load_address>
         <run_address>0x19d6f</run_address>
         <size>0x2f2</size>
         <input_file_ref idref="fl-a"/>
      </object_component>
      <object_component id="oc-35b">
         <name>.debug_info</name>
         <load_address>0x1a061</load_address>
         <run_address>0x1a061</run_address>
         <size>0x327</size>
         <input_file_ref idref="fl-a"/>
      </object_component>
      <object_component id="oc-270">
[...]
               <size>0x3358</size>
            </available_space>
            <allocated_space>
               <start_address>0x2000fce0</start_address>
               <size>0x320</size>
               <logical_group_ref idref="lg-e"/>
            </allocated_space>
         </usage_details>
      </memory_area>
   </placement_map>
   <cptbl_list>
      <cptbl>
         <name>__TI_cinit_table</name>
         <cprec>
            <name>.data</name>
            <load_address>0x2ee8</load_address>
            <load_size>0x14</load_size>
            <run_address>0x2000c920</run_address>
            <run_size>0x68</run_size>
            <compression>lzss</compression>
         </cprec>
         <cprec>
            <name>.bss</name>
            <load_address>0x2f08</load_address>
            <load_size>0x8</load_size>
            <run_address>0x20000000</run_address>
            <run_size>0xc91d</run_size>
            <compression>zero_init</compression>
         </cprec>
      </cptbl>
   </cptbl_list>
   <handler_table>
      <handler_table_name>__TI_handler_table</handler_table_name>
      <handler>
         <index>0x0</index>
         <name>__TI_decompress_lzss</name>
      </handler>
      <handler>
         <index>0x1</index>
         <name>__TI_decompress_none</name>
      </handler>
      <handler>
         <index>0x2</index>
         <name>__TI_zero_init</name>
      </handler>
   </handler_table>
   <symbol_table>
      <symbol id="sm-1">
         <name>WDTCTL_SYM</name>
         <value>0x4000480c</value>
      </symbol>
      <symbol id="sm-2">
         <name>__TI_CINIT_Base</name>
         <value>0x2f10</value>
      </symbol>
      <symbol id="sm-3">
         <name>__TI_CINIT_Limit</name>
         <value>0x2f20</value>
      </symbol>
      <symbol id="sm-4">
         <name>__TI_Handler_Table_Base</name>
         <value>0x2efc</value>
      </symbol>
      <symbol id="sm-5">
         <name>__TI_Handler_Table_Limit</name>
         <value>0x2f08</value>
      </symbol>
      <symbol id="sm-6">
         <name>binit</name>
         <value>0xffffffff</value>
      </symbol>
      <symbol id="sm-7">
         <name>__binit__</name>
         <value>0xffffffff</value>
      </symbol>
      <symbol id="sm-8">
         <name>__STACK_SIZE</name>
         <value>0x320</value>
      </symbol>
      <symbol id="sm-9">
         <name>__STACK_END</name>
         <value>0x20010000</value>
      </symbol>
      <symbol id="sm-a">
         <name>__c_args__</name>
         <value>0xffffffff</value>
      </symbol>
      <symbol id="sm-b">
         <name>__TI_pprof_out_hndl</name>
         <value>0xffffffff</value>
      </symbol>
      <symbol id="sm-c">
         <name>__TI_prof_data_start</name>
         <value>0xffffffff</value>
      </symbol>
      <symbol id="sm-d">
         <name>__TI_prof_data_size</name>
         <value>0xffffffff</value>
      </symbol>
      <symbol id="sm-9a">
         <name>vApplicationStackOverflowHook</name>
         <value>0x2df9</value>
         <object_component_ref idref="oc-100"/>
      </symbol>
      <symbol id="sm-9b">
         <name>vApplicationIdleHook</name>
         <value>0x2ec9</value>
         <object_component_ref idref="oc-376"/>
      </symbol>
      <symbol id="sm-9c">
         <name>main</name>
         <value>0x2e51</value>
         <object_component_ref idref="oc-dd"/>
      </symbol>
      <symbol id="sm-9d">
         <name>vApplicationMallocFailedHook</name>
         <value>0x2de1</value>
         <object_component_ref idref="oc-318"/>
      </symbol>
      <symbol id="sm-103">
         <name>uxListRemove</name>
         <value>0x2ba9</value>
         <object_component_ref idref="oc-110"/>
      </symbol>
      <symbol id="sm-104">
         <name>vListInsert</name>
         <value>0x2999</value>
         <object_component_ref idref="oc-4c6"/>
      </symbol>
      <symbol id="sm-105">
         <name>vListInitialiseItem</name>
         <value>0x2ea9</value>
         <object_component_ref idref="oc-327"/>
      </symbol>
      <symbol id="sm-106">
         <name>vListInsertEnd</name>
         <value>0x2d69</value>
         <object_component_ref idref="oc-116"/>
      </symbol>
      <symbol id="sm-107">
         <name>vListInitialise</name>
         <value>0x2c81</value>
         <object_component_ref idref="oc-3de"/>
      </symbol>
      <symbol id="sm-1d8">
         <name>xQueueGenericSendFromISR</name>
         <value>0x11e1</value>
         <object_component_ref idref="oc-4d9"/>
      </symbol>
      <symbol id="sm-1d9">
         <name>xQueueGenericCreate</name>
         <value>0x25b1</value>
         <object_component_ref idref="oc-3ef"/>
      </symbol>
      <symbol id="sm-1da">
         <name>xQueueGenericSend</name>
         <value>0x139</value>
         <object_component_ref idref="oc-4d3"/>
      </symbol>
      <symbol id="sm-1db">
         <name>xQueueGenericReset</name>
         <value>0x18b1</value>
         <object_component_ref idref="oc-49e"/>
      </symbol>
      <symbol id="sm-1dc">
         <name>vQueueWaitForMessageRestricted</name>
         <value>0x26e1</value>
         <object_component_ref idref="oc-473"/>
      </symbol>
      <symbol id="sm-1dd">
         <name>xQueueReceive</name>
         <value>0x2d1</value>
         <object_component_ref idref="oc-48c"/>
      </symbol>
      <symbol id="sm-411">
         <name>vTaskSuspendAll</name>
         <value>0x2e31</value>
         <object_component_ref idref="oc-300"/>
      </symbol>
      <symbol id="sm-412">
         <name>vTaskPlaceOnEventList</name>
         <value>0x2961</value>
         <object_component_ref idref="oc-4e6"/>
      </symbol>
      <symbol id="sm-413">
         <name>xTaskCheckForTimeOut</name>
         <value>0x1819</value>
         <object_component_ref idref="oc-4f2"/>
      </symbol>
      <symbol id="sm-414">
         <name>xTaskPriorityDisinherit</name>
         <value>0x12b1</value>
         <object_component_ref idref="oc-55d"/>
      </symbol>
      <symbol id="sm-415">
         <name>vTaskStartScheduler</name>
         <value>0x19c9</value>
         <object_component_ref idref="oc-1f2"/>
      </symbol>
      <symbol id="sm-416">
         <name>vTaskInternalSetTimeOutState</name>
         <value>0x2d81</value>
         <object_component_ref idref="oc-4ec"/>
      </symbol>
      <symbol id="sm-417">
         <name>xTaskCreate</name>
         <value>0x2091</value>
         <object_component_ref idref="oc-1ec"/>
      </symbol>
      <symbol id="sm-418">
         <name>vTaskMissedYield</name>
         <value>0x2e79</value>
         <object_component_ref idref="oc-525"/>
      </symbol>
      <symbol id="sm-419">
         <name>vTaskStepTick</name>
         <value>0x29d1</value>
         <object_component_ref idref="oc-42c"/>
      </symbol>
      <symbol id="sm-41a">
         <name>xTaskResumeAll</name>
         <value>0xb69</value>
         <object_component_ref idref="oc-312"/>
      </symbol>
      <symbol id="sm-41b">
         <name>xTaskGetTickCount</name>
         <value>0x2e89</value>
         <object_component_ref idref="oc-4ac"/>
      </symbol>
      <symbol id="sm-41c">
         <name>vTaskDelete</name>
         <value>0x1039</value>
         <object_component_ref idref="oc-294"/>
      </symbol>
      <symbol id="sm-41d">
         <name>pxCurrentTCB</name>
         <value>0x2000c920</value>
         <object_component_ref idref="oc-92"/>
      </symbol>
      <symbol id="sm-41e">
         <name>vTaskPlaceOnEventListRestricted</name>
         <value>0x27b1</value>
         <object_component_ref idref="oc-4b8"/>
      </symbol>
      <symbol id="sm-41f">
         <name>xTaskIncrementTick</name>
         <value>0x581</value>
         <object_component_ref idref="oc-9f"/>
      </symbol>
      <symbol id="sm-420">
         <name>vTaskSwitchContext</name>
         <value>0x1441</value>
         <object_component_ref idref="oc-98"/>
      </symbol>
      <symbol id="sm-421">
         <name>xTaskGetSchedulerState</name>
         <value>0x2c21</value>
         <object_component_ref idref="oc-4cd"/>
      </symbol>
      <symbol id="sm-422">
         <name>xTaskRemoveFromEventList</name>
         <value>0x1649</value>
         <object_component_ref idref="oc-4fe"/>
      </symbol>
      <symbol id="sm-423">
         <name>eTaskConfirmSleepModeStatus</name>
         <value>0x2831</value>
         <object_component_ref idref="oc-420"/>
      </symbol>
      <symbol id="sm-504">
         <name>xTimerCreateTimerTask</name>
         <value>0x2219</value>
         <object_component_ref idref="oc-269"/>
      </symbol>
      <symbol id="sm-505">
         <name>xTimerGenericCommand</name>
         <value>0x1c49</value>
         <object_component_ref idref="oc-486"/>
      </symbol>
      <symbol id="sm-5ac">
         <name>ulMaxSyscallInterruptPriority</name>
         <value>0x2edc</value>
         <object_component_ref idref="oc-95"/>
      </symbol>
      <symbol id="sm-5ad">
         <name>vPortSetupTimerInterrupt</name>
         <value>0x2029</value>
         <object_component_ref idref="oc-35a"/>
      </symbol>
      <symbol id="sm-5ae">
         <name>vPortSuppressTicksAndSleep</name>
         <value>0x6c9</value>
         <object_component_ref idref="oc-36a"/>
      </symbol>
      <symbol id="sm-5af">
         <name>xPortSysTickHandler</name>
         <value>0x2b29</value>
         <object_component_ref idref="oc-42"/>
      </symbol>
      <symbol id="sm-5b0">
         <name>vPortValidateInterruptPriority</name>
         <value>0x20f9</value>
         <object_component_ref idref="oc-53b"/>
      </symbol>
      <symbol id="sm-5b1">
         <name>pxPortInitialiseStack</name>
         <value>0x2af9</value>
         <object_component_ref idref="oc-32d"/>
      </symbol>
      <symbol id="sm-5b2">
         <name>vPortExitCritical</name>
         <value>0x2a69</value>
         <object_component_ref idref="oc-340"/>
      </symbol>
      <symbol id="sm-5b3">
         <name>xPortStartScheduler</name>
         <value>0xe81</value>
         <object_component_ref idref="oc-26f"/>
      </symbol>
      <symbol id="sm-5b4">
         <name>vPortEnterCritical</name>
         <value>0x2871</value>
         <object_component_ref idref="oc-334"/>
      </symbol>
      <symbol id="sm-5c3">
         <name>vPortStartFirstTask</name>
         <value>0x1005</value>
         <object_component_ref idref="oc-3d"/>
      </symbol>
      <symbol id="sm-5c4">
         <name>ulPortGetIPSR</name>
         <value>0xf6d</value>
         <object_component_ref idref="oc-3d"/>
      </symbol>
      <symbol id="sm-5c5">
         <name>vPortEnableVFP</name>
         <value>0x1029</value>
         <object_component_ref idref="oc-3d"/>
      </symbol>
      <symbol id="sm-5c6">
         <name>xPortPendSVHandler</name>
         <value>0xf85</value>
         <object_component_ref idref="oc-3d"/>
      </symbol>
      <symbol id="sm-5c7">
         <name>vPortSVCHandler</name>
         <value>0xfe5</value>
         <object_component_ref idref="oc-3d"/>
      </symbol>
      <symbol id="sm-63c">
         <name>pvPortMalloc</name>
         <value>0x801</value>
         <object_component_ref idref="oc-250"/>
      </symbol>
      <symbol id="sm-63d">
         <name>vPortFree</name>
         <value>0x1b51</value>
         <object_component_ref idref="oc-256"/>
      </symbol>
      <symbol id="sm-6a2">
         <name>bumpSwitch_status</name>
         <value>0x2000c91c</value>
      </symbol>
      <symbol id="sm-6a3">
         <name>taskHandle_BlinkRedLED</name>
         <value>0x2000c910</value>
      </symbol>
      <symbol id="sm-6a4">
         <name>taskHandle_BumpSwitch</name>
         <value>0x2000c914</value>
      </symbol>
      <symbol id="sm-6a5">
         <name>taskHandle_dcMotor</name>
         <value>0x2000c918</value>
      </symbol>
      <symbol id="sm-6a6">
         <name>vPreSleepProcessing</name>
         <value>0x2ed9</value>
         <object_component_ref idref="oc-426"/>
      </symbol>
      <symbol id="sm-6a7">
         <name>main_program</name>
         <value>0x16e9</value>
         <object_component_ref idref="oc-147"/>
      </symbol>
      <symbol id="sm-6a8">
         <name>vApplicationTickHook</name>
         <value>0x2ed1</value>
         <object_component_ref idref="oc-11c"/>
      </symbol>
      <symbol id="sm-758">
         <name>CS_getMCLK</name>
         <value>0x2d21</value>
         <object_component_ref idref="oc-416"/>
      </symbol>
      <symbol id="sm-759">
         <name>CS_clearInterruptFlag</name>
         <value>0x2bd1</value>
         <object_component_ref idref="oc-511"/>
      </symbol>
      <symbol id="sm-75a">
         <name>CS_getDCOFrequency</name>
         <value>0x439</value>
         <object_component_ref idref="oc-50b"/>
      </symbol>
      <symbol id="sm-75b">
         <name>CS_setDCOCenteredFrequency</name>
         <value>0x2a99</value>
         <object_component_ref idref="oc-241"/>
      </symbol>
      <symbol id="sm-75c">
         <name>CS_initClockSignal</name>
         <value>0x931</value>
         <object_component_ref idref="oc-247"/>
      </symbol>
      <symbol id="sm-76b">
         <name>FlashCtl_setWaitState</name>
         <value>0x2a09</value>
         <object_component_ref idref="oc-235"/>
      </symbol>
      <symbol id="sm-777">
         <name>FPU_enableModule</name>
         <value>0x2e21</value>
         <object_component_ref idref="oc-1d3"/>
      </symbol>
      <symbol id="sm-7e6">
         <name>PCM_setCoreVoltageLevel</name>
         <value>0x2e99</value>
         <object_component_ref idref="oc-23b"/>
      </symbol>
      <symbol id="sm-7e7">
         <name>PCM_getCoreVoltageLevel</name>
         <value>0x2421</value>
         <object_component_ref idref="oc-3ac"/>
      </symbol>
      <symbol id="sm-7e8">
         <name>PCM_getPowerMode</name>
         <value>0x28b1</value>
         <object_component_ref idref="oc-3a6"/>
      </symbol>
      <symbol id="sm-7e9">
         <name>PCM_getPowerState</name>
         <value>0x2e61</value>
         <object_component_ref idref="oc-3b2"/>
      </symbol>
      <symbol id="sm-7ea">
         <name>PCM_setPowerMode</name>
         <value>0x2ea1</value>
         <object_component_ref idref="oc-3b8"/>
      </symbol>
      <symbol id="sm-800">
         <name>SysCtl_getTLVInfo</name>
         <value>0x2271</value>
         <object_component_ref idref="oc-54f"/>
      </symbol>
      <symbol id="sm-811">
         <name>SysTick_Init</name>
         <value>0x2d39</value>
         <object_component_ref idref="oc-1e6"/>
      </symbol>
      <symbol id="sm-831">
         <name>Bump_Read_Input</name>
         <value>0x2e11</value>
         <object_component_ref idref="oc-2a1"/>
      </symbol>
      <symbol id="sm-832">
         <name>BumpEdgeTrigger_Init</name>
         <value>0x23d1</value>
         <object_component_ref idref="oc-29b"/>
      </symbol>
      <symbol id="sm-833">
         <name>Port1_Init2</name>
         <value>0x2651</value>
         <object_component_ref idref="oc-2af"/>
      </symbol>
      <symbol id="sm-851">
         <name>Port2_Init2</name>
         <value>0x2699</value>
         <object_component_ref idref="oc-2b5"/>
      </symbol>
      <symbol id="sm-852">
         <name>dcMotor_Forward</name>
         <value>0x21c1</value>
         <object_component_ref idref="oc-2bb"/>
      </symbol>
      <symbol id="sm-88a">
         <name>Port2_Output2</name>
         <value>0x2d99</value>
         <object_component_ref idref="oc-38c"/>
      </symbol>
      <symbol id="sm-88b">
         <name>RedLED_Init</name>
         <value>0x2b59</value>
         <object_component_ref idref="oc-28e"/>
      </symbol>
      <symbol id="sm-88c">
         <name>ColorLED_Init</name>
         <value>0x2729</value>
         <object_component_ref idref="oc-288"/>
      </symbol>
      <symbol id="sm-88d">
         <name>outputLED_response</name>
         <value>0x1a51</value>
         <object_component_ref idref="oc-2a7"/>
      </symbol>
      <symbol id="sm-8c2">
         <name>interruptVectors</name>
         <value>0x0</value>
         <object_component_ref idref="oc-10"/>
      </symbol>
      <symbol id="sm-8d4">
         <name>SystemInit</name>
         <value>0x1ef1</value>
         <object_component_ref idref="oc-88"/>
      </symbol>
      <symbol id="sm-8e3">
         <name>__aeabi_memset</name>
         <value>0x1bcf</value>
         <object_component_ref idref="oc-d1"/>
      </symbol>
      <symbol id="sm-8e4">
         <name>memset</name>
         <value>0x1bd5</value>
         <object_component_ref idref="oc-d1"/>
      </symbol>
      <symbol id="sm-8e5">
         <name>__aeabi_memset8</name>
         <value>0x1bcf</value>
         <object_component_ref idref="oc-d1"/>
      </symbol>
      <symbol id="sm-8e6">
         <name>__aeabi_memset4</name>
         <value>0x1bcf</value>
         <object_component_ref idref="oc-d1"/>
      </symbol>
      <symbol id="sm-8e7">
         <name>__aeabi_memclr8</name>
         <value>0x1bcd</value>
         <object_component_ref idref="oc-d1"/>
      </symbol>
      <symbol id="sm-8e8">
         <name>__aeabi_memclr4</name>
         <value>0x1bcd</value>
         <object_component_ref idref="oc-d1"/>
      </symbol>
      <symbol id="sm-8e9">
         <name>__aeabi_memclr</name>
         <value>0x1bcd</value>
         <object_component_ref idref="oc-d1"/>
      </symbol>
      <symbol id="sm-905">
         <name>memcpy</name>
         <value>0x15ad</value>
         <object_component_ref idref="oc-56"/>
      </symbol>
      <symbol id="sm-906">
         <name>__aeabi_memcpy</name>
         <value>0x15ad</value>
         <object_component_ref idref="oc-56"/>
      </symbol>
      <symbol id="sm-907">
         <name>__aeabi_memcpy8</name>
         <value>0x15ad</value>
         <object_component_ref idref="oc-56"/>
      </symbol>
      <symbol id="sm-908">
         <name>__aeabi_memcpy4</name>
         <value>0x15ad</value>
         <object_component_ref idref="oc-56"/>
      </symbol>
      <symbol id="sm-91a">
         <name>__TI_zero_init</name>
         <value>0x2e6d</value>
         <object_component_ref idref="oc-68"/>
      </symbol>
      <symbol id="sm-931">
         <name>__TI_decompress_none</name>
         <value>0x2e41</value>
         <object_component_ref idref="oc-19"/>
      </symbol>
      <symbol id="sm-954">
         <name>__TI_decompress_lzss</name>
         <value>0x1f59</value>
         <object_component_ref idref="oc-13"/>
      </symbol>
      <symbol id="sm-969">
         <name>__stack</name>
         <value>0x2000fce0</value>
         <object_component_ref idref="oc-22"/>
      </symbol>
      <symbol id="sm-96a">
         <name>_c_int00_noargs</name>
         <value>0x28ed</value>
         <object_component_ref idref="oc-74"/>
      </symbol>
      <symbol id="sm-993">
         <name>__TI_auto_init_nobinit_nopinit</name>
         <value>0x276d</value>
         <object_component_ref idref="oc-15a"/>
      </symbol>
      <symbol id="sm-99d">
         <name>_system_pre_init</name>
         <value>0x2cd</value>
         <object_component_ref idref="oc-d7"/>
      </symbol>
      <symbol id="sm-9a9">
         <name>C$$EXIT</name>
         <value>0x435</value>
         <object_component_ref idref="oc-14e"/>
      </symbol>
      <symbol id="sm-9aa">
         <name>abort</name>
         <value>0x435</value>
         <object_component_ref idref="oc-14e"/>
      </symbol>
      <symbol id="sm-9ad">
         <name>__TI_static_base__</name>
         <value>0x0</value>
      </symbol>
      <symbol id="sm-9b0">
         <name>__mpu_init</name>
         <value>0x0</value>
      </symbol>
      <symbol id="sm-9b1">
         <name>_system_post_cinit</name>
         <value>0x0</value>
      </symbol>
   </symbol_table>
   <title>Link successful</title>
</link_info>
